commit 0c8402c15fe9c811f5c6bb5d5191b609801cbece
Author: Graham Doskoch <grahamdoskoch@gmail.com>
Date:   Thu Jan 9 18:36:54 2020 -0500

    One more time.

commit 37c4e7d1e42e893265bbb21dad2353a7ab624982
Author: Graham Doskoch <grahamdoskoch@gmail.com>
Date:   Thu Jan 9 18:31:25 2020 -0500

    Removed extra stuff

commit 060b7c2919841dc9dcaf656c476ba00f05cca0ea
Author: Graham Doskoch <grahamdoskoch@gmail.com>
Date:   Thu Jan 9 18:30:52 2020 -0500

    One more Ubuntu commit

commit 64a1c791457fa287473fc20053a0d66e8518d178
Author: Graham Doskoch <grahamdoskoch@gmail.com>
Date:   Thu Jan 9 18:30:17 2020 -0500

    Another Ubuntu commit

commit 7772477099f52971370c1b1f9d2dccf5d07a4bec
Author: Graham Doskoch <grahamdoskoch@gmail.com>
Date:   Thu Jan 9 18:00:56 2020 -0500

    Added first commit from Ubuntu

commit 749cdd74473412c8dbb5ef665675168321613748
Author: Graham Doskoch <grahamdoskoch@gmail.com>
Date:   Thu Jan 9 17:57:18 2020 -0500

    Added first commit from Ubuntu

commit eaa3b329e95c989451a3871f93a9988455885bc9
Author: GrahamDoskoch <grahamdoskoch@gmail.com>
Date:   Thu Jan 9 17:44:41 2020 -0500

    Create index.md.
